flutter : Could not find an option named "--v".
At line:1 char:1
+ flutter run -d windows --v > build_output.txt 2>&1
+ ~~~~~~~~~~~~~~~~~~~~~~~~~~~~~~~~~~~~~~~~~~~~~~~~~~
    + CategoryInfo          : NotSpecified: (Could not  
   find an option named "--v".:String) [], RemoteExcep  
  tion
    + FullyQualifiedErrorId : NativeCommandError
 

Run 'flutter -h' (or 'flutter <command> -h') for 
available flutter commands and options.
